[html.merku.love/hosteller/index04b9.html]
[backblue.gif]
[fade.gif]
[index.html]
[s.ytimg.com/yts/jsbin/www-widgetapi-vflS50iB-/www-widgetapi.js]
[www.youtube.com/player_api]
[html.merku.love/hosteller/css/preload.min.css]
[html.merku.love/hosteller/css/icomoon.css]
[html.merku.love/hosteller/css/libs.min.css]
[html.merku.love/hosteller/css/index.min.css]
[html.merku.love/hosteller/css/floatbutton.min.css]
[html.merku.love/hosteller/index.html]
[html.merku.love/hosteller/about.html]
[html.merku.love/hosteller/rooms.html]
[html.merku.love/hosteller/room.html]
[html.merku.love/hosteller/news.html]
[html.merku.love/hosteller/post.html]
[html.merku.love/hosteller/gallery.html]
[html.merku.love/hosteller/faq.html]
[html.merku.love/hosteller/faq2.html]
[html.merku.love/hosteller/error.html]
[html.merku.love/hosteller/404.html]
[html.merku.love/hosteller/contacts.html]
[html.merku.love/hosteller/contacts2.html]
[html.merku.love/hosteller/img/index/hero.jpg]
[html.merku.love/hosteller/img/about/01.jpg]
[html.merku.love/hosteller/img/about/02.jpg]
[html.merku.love/hosteller/img/index/about.jpg]
[html.merku.love/hosteller/img/index/slide01.jpg]
[html.merku.love/hosteller/img/index/slide02.jpg]
[html.merku.love/hosteller/img/index/slide03.jpg]
[html.merku.love/hosteller/img/index/slide04.jpg]
[html.merku.love/hosteller/img/index/slide05.jpg]
[html.merku.love/hosteller/img/index/avatar01.jpg]
[html.merku.love/hosteller/img/index/avatar02.jpg]
[html.merku.love/hosteller/img/index/avatar03.jpg]
[html.merku.love/hosteller/img/index/avatar04.jpg]
[html.merku.love/hosteller/img/index/avatar05.jpg]
[html.merku.love/hosteller/img/index/promo.jpg]
[html.merku.love/hosteller/img/room/roomreview02.jpg]
[html.merku.love/hosteller/img/gallery/full01.jpg]
[html.merku.love/hosteller/img/gallery/full09.jpg]
[html.merku.love/hosteller/img/index/gallery04.jpg]
[html.merku.love/hosteller/img/gallery/full12.jpg]
[html.merku.love/hosteller/img/news/02.jpg]
[html.merku.love/hosteller/img/news/05.jpg]
[html.merku.love/hosteller/img/news/01.jpg]
[html.merku.love/hosteller/js/common.min.js]
[html.merku.love/hosteller/js/index.min.js]
[html.merku.love/hosteller/js/gallery.min.js]
[html.merku.love/hosteller/js/demo.js]
[www.googletagmanager.com/gtag/js8af4]
[html.merku.love/hosteller/index04b9.html]
[html.merku.love/hosteller/fonts/OpenSans-Regular.woff2]
[html.merku.love/hosteller/fonts/OpenSans-Regular.woff]
[html.merku.love/hosteller/fonts/OpenSans-SemiBold.woff2]
[html.merku.love/hosteller/fonts/OpenSans-SemiBold.woff]
[html.merku.love/hosteller/fonts/OpenSans-Bold.woff2]
[html.merku.love/hosteller/fonts/OpenSans-Bold.woff]
[html.merku.love/hosteller/fonts/Mulish-Medium.woff2]
[html.merku.love/hosteller/fonts/Mulish-Medium.woff]
[html.merku.love/hosteller/fonts/Mulish-SemiBold.woff2]
[html.merku.love/hosteller/fonts/Mulish-SemiBold.woff]
[html.merku.love/hosteller/fonts/Mulish-Bold.woff2]
[html.merku.love/hosteller/fonts/Mulish-Bold.woff]
[html.merku.love/hosteller/fonts/Mulish-ExtraBold.woff2]
[html.merku.love/hosteller/fonts/Mulish-ExtraBold.woff]
[html.merku.love/hosteller/fonts/Mulish-Black.woff2]
[html.merku.love/hosteller/fonts/Mulish-Black.woff]
[html.merku.love/hosteller/css/preload.min.css]
[html.merku.love/hosteller/fonts/icomoon.woff]
[html.merku.love/hosteller/css/icomoon.css]
[html.merku.love/hosteller/svg/star--empty.svg]
[html.merku.love/hosteller/svg/star--full.svg]
[html.merku.love/hosteller/css/libs.min.css]
[html.merku.love/hosteller/css/index.min.css]
[html.merku.love/hosteller/css/floatbutton.min.css]
[html.merku.love/hosteller/index.html]
[html.merku.love/hosteller/css/about.min.css]
[html.merku.love/hosteller/img/about/video.jpg]
[html.merku.love/hosteller/img/about/03.jpg]
[html.merku.love/hosteller/img/about/stages.jpg]
[html.merku.love/hosteller/img/aside/02.jpg]
[html.merku.love/hosteller/about.html]
[html.merku.love/hosteller/css/rooms.min.css]
[html.merku.love/hosteller/img/rooms/01.jpg]
[html.merku.love/hosteller/img/rooms/02.jpg]
[html.merku.love/hosteller/img/rooms/03.jpg]
[html.merku.love/hosteller/img/rooms/04.jpg]
[html.merku.love/hosteller/img/rooms/05.jpg]
[html.merku.love/hosteller/rooms.html]
[html.merku.love/hosteller/css/room.min.css]
[html.merku.love/hosteller/img/room/01.jpg]
[html.merku.love/hosteller/img/room/02.jpg]
[html.merku.love/hosteller/img/room/03.jpg]
[html.merku.love/hosteller/img/post/woman.jpg]
[html.merku.love/hosteller/img/room/recommendation.jpg]
[html.merku.love/hosteller/img/room/roomreview01.jpg]
[html.merku.love/hosteller/img/room/stages.jpg]
[html.merku.love/hosteller/room.html]
[html.merku.love/hosteller/js/room.min.js]
[html.merku.love/hosteller/css/news.min.css]
[html.merku.love/hosteller/img/news/03.jpg]
[html.merku.love/hosteller/img/news/04.jpg]
[html.merku.love/hosteller/img/news/06.jpg]
[html.merku.love/hosteller/img/aside/post01.jpg]
[html.merku.love/hosteller/img/aside/post02.jpg]
[html.merku.love/hosteller/img/aside/post03.jpg]
[html.merku.love/hosteller/img/aside/01.jpg]
[html.merku.love/hosteller/img/aside/03.jpg]
[html.merku.love/hosteller/img/aside/04.jpg]
[html.merku.love/hosteller/img/aside/05.jpg]
[html.merku.love/hosteller/img/aside/06.jpg]
[html.merku.love/hosteller/news.html]
[html.merku.love/hosteller/css/post.min.css]
[html.merku.love/hosteller/img/post/full01.jpg]
[html.merku.love/hosteller/img/post/01.jpg]
[html.merku.love/hosteller/img/post/full02.jpg]
[html.merku.love/hosteller/img/post/02.jpg]
[html.merku.love/hosteller/img/post/full03.jpg]
[html.merku.love/hosteller/img/post/03.jpg]
[html.merku.love/hosteller/img/post/author.jpg]
[html.merku.love/hosteller/img/post/man.jpg]
[html.merku.love/hosteller/post.html]
[html.merku.love/hosteller/js/post.min.js]
[html.merku.love/hosteller/css/gallery.min.css]
[html.merku.love/hosteller/img/gallery/full02.jpg]
[html.merku.love/hosteller/img/gallery/full03.jpg]
[html.merku.love/hosteller/img/gallery/full05.jpg]
[html.merku.love/hosteller/img/gallery/full04.jpg]
[html.merku.love/hosteller/img/gallery/full06.jpg]
[html.merku.love/hosteller/img/gallery/full07.jpg]
[html.merku.love/hosteller/img/gallery/full08.jpg]
[html.merku.love/hosteller/img/gallery/full11.jpg]
[html.merku.love/hosteller/img/gallery/full10.jpg]
[html.merku.love/hosteller/gallery.html]
[html.merku.love/hosteller/css/faq.min.css]
[html.merku.love/hosteller/faq.html]
[html.merku.love/hosteller/js/faq.min.js]
[html.merku.love/hosteller/css/faq2.min.css]
[html.merku.love/hosteller/img/faq/faq.jpg]
[html.merku.love/hosteller/faq2.html]
[html.merku.love/hosteller/css/error.min.css]
[html.merku.love/hosteller/error.html]
[html.merku.love/hosteller/js/error.min.js]
[html.merku.love/hosteller/404.html]
[html.merku.love/hosteller/css/error2.min.css]
[html.merku.love/hosteller/contacts.html]
[html.merku.love/hosteller/css/contacts.min.css]
[html.merku.love/hosteller/contacts2.html]
[html.merku.love/hosteller/css/contacts2.min.css]
[html.merku.love/hosteller/svg/star--empty.svg]
[html.merku.love/hosteller/svg/star--full.svg]
[html.merku.love/hosteller/css/about.min.css]
[html.merku.love/hosteller/css/rooms.min.css]
[html.merku.love/hosteller/css/room.min.css]
[html.merku.love/hosteller/css/news.min.css]
[html.merku.love/hosteller/css/post.min.css]
[html.merku.love/hosteller/css/gallery.min.css]
[html.merku.love/hosteller/css/faq.min.css]
[html.merku.love/hosteller/css/faq2.min.css]
[html.merku.love/hosteller/css/error.min.css]
[html.merku.love/hosteller/css/error2.min.css]
[html.merku.love/hosteller/css/contacts.min.css]
[html.merku.love/hosteller/css/contacts2.min.css]
[html.merku.love/hosteller/svg/room.svg]
[html.merku.love/hosteller/svg/room.svg]
